#-----------------------------------------------------------
# Vivado v2024.2.2 (64-bit)
# SW Build 6060944 on Thu Mar 06 19:10:09 MST 2025
# IP Build 6050500 on Thu Mar  6 23:33:39 MST 2025
# SharedData Build 6060542 on Thu Mar 06 10:31:07 MST 2025
# Start of session at: Mon May 19 10:24:08 2025
# Process ID         : 11783
# Current directory  : /home/alfaquillo/Documentos/Vivado/Interfaz_de_memoria/Interfaz_de_memoria.runs/synth_1
# Command line       : vivado -log BancodeRegistrosSegmento.vds -product Vivado -mode batch -messageDb vivado.pb -notrace -source BancodeRegistrosSegmento.tcl
# Log file           : /home/alfaquillo/Documentos/Vivado/Interfaz_de_memoria/Interfaz_de_memoria.runs/synth_1/BancodeRegistrosSegmento.vds
# Journal file       : /home/alfaquillo/Documentos/Vivado/Interfaz_de_memoria/Interfaz_de_memoria.runs/synth_1/vivado.jou
# Running On         : Quillo-Thinkpad
# Platform           : Fedora
# Operating System   : Fedora Linux 42 (KDE Plasma Desktop Edition)
# Processor Detail   : Intel(R) Core(TM) i7-8550U CPU @ 1.80GHz
# CPU Frequency      : 3499.085 MHz
# CPU Physical cores : 4
# CPU Logical cores  : 8
# Host memory        : 8067 MB
# Swap memory        : 8066 MB
# Total Virtual      : 16134 MB
# Available Virtual  : 10447 MB
#-----------------------------------------------------------
source BancodeRegistrosSegmento.tcl -notrace
